EN dcm_50m NULL C:/Users/TinyDancer/Downloads/DCM_50M.vhd sub00/vhpl00 1457581556
AR ringshifter behavioral D:/lab7exp7/Ringshifter.vhf sub00/vhpl03 1457581559
EN ringshifter NULL D:/lab7exp7/Ringshifter.vhf sub00/vhpl02 1457581558
AR dcm_50m behavioral C:/Users/TinyDancer/Downloads/DCM_50M.vhd sub00/vhpl01 1457581557
