EN cla NULL C:/Users/rjuan/Desktop/ISEProjects/lab5/carryAhead/cla.vhf sub00/vhpl02 1487823129
EN fa NULL C:/Users/rjuan/Desktop/ISEProjects/lab5/carryAhead/FA.vhf sub00/vhpl00 1487823122
AR fa behavioral C:/Users/rjuan/Desktop/ISEProjects/lab5/carryAhead/FA.vhf sub00/vhpl01 1487823128
AR cla behavioral C:/Users/rjuan/Desktop/ISEProjects/lab5/carryAhead/cla.vhf sub00/vhpl03 1487823130
