AR d4_16en behavioral C:/Users/rjuan/Downloads/d4_16en.vhd sub00/vhpl01 1488096795
EN d4_16en NULL C:/Users/rjuan/Downloads/d4_16en.vhd sub00/vhpl00 1488096794
AR decoder behavioral C:/Users/rjuan/Desktop/ISEProjects/lab5/dec/decoder.vhf sub00/vhpl03 1488096797
EN decoder NULL C:/Users/rjuan/Desktop/ISEProjects/lab5/dec/decoder.vhf sub00/vhpl02 1488096796
