EN dcm_50m NULL C:/Users/TinyDancer/Downloads/DCM_50M.vhd sub00/vhpl02 1457582570
AR lab7exp8 behavioral D:/lab7exp8/Lab7exp8.vhf sub00/vhpl01 1457582573
EN lab7exp8 NULL D:/lab7exp8/Lab7exp8.vhf sub00/vhpl00 1457582572
AR dcm_50m behavioral C:/Users/TinyDancer/Downloads/DCM_50M.vhd sub00/vhpl03 1457582571
