EN fa NULL C:/Users/rjuan/Desktop/ISEProjects/lab5/experiment2/FA.vhf sub00/vhpl00 1487705915
AR ex2 behavioral C:/Users/rjuan/Desktop/ISEProjects/lab5/experiment2/ex2.vhf sub00/vhpl03 1487705918
EN ex2 NULL C:/Users/rjuan/Desktop/ISEProjects/lab5/experiment2/ex2.vhf sub00/vhpl02 1487705917
AR fa behavioral C:/Users/rjuan/Desktop/ISEProjects/lab5/experiment2/FA.vhf sub00/vhpl01 1487705916
