EN fa NULL C:/Users/rjuan/Desktop/ISEProjects/lab5/experiment3/FA.vhf sub00/vhpl00 1487704249
AR twoscompdesign behavioral C:/Users/rjuan/Desktop/ISEProjects/lab5/experiment3/twosCompDesign.vhf sub00/vhpl03 1487704252
AR fa behavioral C:/Users/rjuan/Desktop/ISEProjects/lab5/experiment3/FA.vhf sub00/vhpl01 1487704250
EN twoscompdesign NULL C:/Users/rjuan/Desktop/ISEProjects/lab5/experiment3/twosCompDesign.vhf sub00/vhpl02 1487704251
