V3 6
FL C:/Users/rjuan/Desktop/ISEProjects/lab5/fullAdderNand/FA.vhf 2017/02/20.20:32:29 P.20131013
EN work/FA 1487651560 \
      FL C:/Users/rjuan/Desktop/ISEProjects/lab5/fullAdderNand/FA.vhf \
      PB ieee/std_logic_1164 1381692176 PB ieee/NUMERIC_STD 1381692181 LB UNISIM \
      PH unisim/VCOMPONENTS 1381692182
AR work/FA/BEHAVIORAL 1487651561 \
      FL C:/Users/rjuan/Desktop/ISEProjects/lab5/fullAdderNand/FA.vhf EN work/FA 1487651560 \
      CP XOR2 CP NAND2
