AR d4_16en behavioral C:/Users/rjuan/Desktop/ISEProjects/d4_16en.vhd sub00/vhpl05 1488310196
EN ssd_1dig NULL C:/Users/rjuan/Desktop/ISEProjects/SSD_1dig.vhd sub00/vhpl00 1488303356
AR experiment2 behavioral C:/Users/rjuan/Desktop/ISEProjects/lab6/lab6Experiments/experiment2.vhf sub00/vhpl03 1488309928
EN d4_16en NULL C:/Users/rjuan/Desktop/ISEProjects/d4_16en.vhd sub00/vhpl04 1488310195
AR decoder behavioral C:/Users/rjuan/Desktop/ISEProjects/lab6/lab6Experiments/decoder.vhf sub00/vhpl07 1488310198
AR ssd_1dig behavioral C:/Users/rjuan/Desktop/ISEProjects/SSD_1dig.vhd sub00/vhpl01 1488303357
EN decoder NULL C:/Users/rjuan/Desktop/ISEProjects/lab6/lab6Experiments/decoder.vhf sub00/vhpl06 1488310197
EN experiment2 NULL C:/Users/rjuan/Desktop/ISEProjects/lab6/lab6Experiments/experiment2.vhf sub00/vhpl02 1488309927
