V3 16
FL C:/Users/rjuan/Desktop/ISEProjects/d4_16en.vhd 2017/02/28.11:27:31 P.20131013
EN work/d4_16en 1488310195 FL C:/Users/rjuan/Desktop/ISEProjects/d4_16en.vhd \
      PB ieee/std_logic_1164 1381692176
AR work/d4_16en/Behavioral 1488310196 \
      FL C:/Users/rjuan/Desktop/ISEProjects/d4_16en.vhd EN work/d4_16en 1488310195
FL C:/Users/rjuan/Desktop/ISEProjects/lab6/lab6Experiments/decoder.vhf 2017/02/28.11:29:50 P.20131013
EN work/decoder 1488310197 \
      FL C:/Users/rjuan/Desktop/ISEProjects/lab6/lab6Experiments/decoder.vhf \
      PB ieee/std_logic_1164 1381692176 PB ieee/NUMERIC_STD 1381692181 LB UNISIM \
      PH unisim/VCOMPONENTS 1381692182
AR work/decoder/BEHAVIORAL 1488310198 \
      FL C:/Users/rjuan/Desktop/ISEProjects/lab6/lab6Experiments/decoder.vhf \
      EN work/decoder 1488310197 CP d4_16en CP AND2
FL C:/Users/rjuan/Desktop/ISEProjects/lab6/lab6Experiments/experiment2.vhf 2017/02/28.09:35:50 P.20131013
EN work/experiment2 1488309927 \
      FL C:/Users/rjuan/Desktop/ISEProjects/lab6/lab6Experiments/experiment2.vhf \
      PB ieee/std_logic_1164 1381692176 PB ieee/NUMERIC_STD 1381692181 LB UNISIM \
      PH unisim/VCOMPONENTS 1381692182
AR work/experiment2/BEHAVIORAL 1488309928 \
      FL C:/Users/rjuan/Desktop/ISEProjects/lab6/lab6Experiments/experiment2.vhf \
      EN work/experiment2 1488309927 CP SSD_1dig
FL C:/Users/rjuan/Desktop/ISEProjects/SSD_1dig.vhd 2017/02/27.19:53:45 P.20131013
EN work/SSD_1dig 1488303356 FL C:/Users/rjuan/Desktop/ISEProjects/SSD_1dig.vhd \
      PB ieee/std_logic_1164 1381692176 PB ieee/std_logic_arith 1381692177 \
      PB ieee/STD_LOGIC_UNSIGNED 1381692179
AR work/SSD_1dig/Behavioral 1488303357 \
      FL C:/Users/rjuan/Desktop/ISEProjects/SSD_1dig.vhd EN work/SSD_1dig 1488303356
