EN fa NULL C:/Users/rjuan/Desktop/ISEProjects/lab5/twosComplementAdderSubtractor/FA.vhf sub00/vhpl00 1487656161
AR twoscompdesign behavioral C:/Users/rjuan/Desktop/ISEProjects/lab5/twosComplementAdderSubtractor/twosCompDesign.vhf sub00/vhpl03 1487656164
AR fa behavioral C:/Users/rjuan/Desktop/ISEProjects/lab5/twosComplementAdderSubtractor/FA.vhf sub00/vhpl01 1487656162
EN twoscompdesign NULL C:/Users/rjuan/Desktop/ISEProjects/lab5/twosComplementAdderSubtractor/twosCompDesign.vhf sub00/vhpl02 1487656163
